/opt/pyvenv/lib/python3.13/site-packages/openpyxl/worksheet/_reader.py:329: UserWarning: Unknown extension is not supported and will be removed
  warn(msg)
	Command being timed: "python -u /mnt/data/ppi_repro_corrected/scripts/run_local_label_source_screen.py --input-dir /mnt/data --work-dir /mnt/data/ppi_repro_corrected/work --output-dir /mnt/data/ppi_repro_corrected/results"
	User time (seconds): 7.69
	System time (seconds): 1.47
	Percent of CPU this job got: 111%
	Elapsed (wall clock) time (h:mm:ss or m:ss): 0:08.22
	Average shared text size (kbytes): 0
	Average unshared data size (kbytes): 0
	Average stack size (kbytes): 0
	Average total size (kbytes): 0
	Maximum resident set size (kbytes): 315456
	Average resident set size (kbytes): 0
	Major (requiring I/O) page faults: 0
	Minor (reclaiming a frame) page faults: 77024
	Voluntary context switches: 23
	Involuntary context switches: 37
	Swaps: 0
	File system inputs: 176
	File system outputs: 872
	Socket messages sent: 0
	Socket messages received: 0
	Signals delivered: 0
	Page size (bytes): 4096
	Exit status: 0
