{
  "all_models_duplicate_orientation_counts": {
    "001": 48
  },
  "best": {
    "ancestor_order": "sorted_asc",
    "direct_term_count": 9031,
    "duplicate_flips": "001",
    "exact_positions": 13,
    "exact_prefix": 5,
    "filter": "exact_historical_mapped_accessions",
    "kendall_p": 1.2260029649722576e-35,
    "kendall_tau": 0.7661157024793387,
    "lcs": 94,
    "model": "first_direct_occurrence_then_ancestors",
    "pairwise_concordance": 0.8830578512396694,
    "row_order": "date_accession_GO",
    "table_size": 32768,
    "unique_keys": 13302
  },
  "mask_fingerprint_best": {
    "duplicate_flips": "001",
    "exact_positions": 16,
    "exact_prefix": 5,
    "kendall_p": 3.701098241920313e-31,
    "kendall_tau": 0.7137741046831956,
    "lcs": 86,
    "mask_bits": 15,
    "pairwise_concordance": 0.8568870523415978,
    "table_size": 32768
  },
  "models_with_table_size_32768": 48,
  "simulations_scored": 48
}
