{
  "batch_id": "B102",
  "stamp": "20260827T162132Z",
  "report": "/mnt/data/ppi_repro_corrected/batches/B102_final2/B102_REPORT_20260827T162132Z.md",
  "validation": "/mnt/data/ppi_repro_corrected/batches/B102_final2/B102_VALIDATION_20260827T162132Z.json",
  "deletion_clearance": "/mnt/data/ppi_repro_corrected/batches/B102_final2/B102_DELETION_CLEARANCE_20260827T162132Z.md",
  "analysis_summary": "/mnt/data/ppi_repro_corrected/batches/B102_final2/B102_analysis_summary_20260827T162132Z.json",
  "best_direct_configuration": {
    "source_name": "GOA human GAF v159 direct BP annotations",
    "mapping_strategy": "gp2protein_all_graphsage_links",
    "evidence_filter": "all_except_IEA_ND_NAS",
    "term_scope": "all_bp",
    "comparison_scope": "all_resolved_genes",
    "candidate_GO_terms": 7095,
    "comparison_genes": 4268,
    "label_columns": 121,
    "exact_matches": 0,
    "agreement_at_least_99_percent": 0,
    "agreement_at_least_95_percent": 0,
    "median_best_agreement": 0.816776007497657,
    "mean_best_agreement": 0.7588724856127088,
    "minimum_mismatch_genes": 280,
    "mean_mismatch_genes": 1029.1322314049587
  },
  "global_closest_direct_match": {
    "source_name": "GOA human GAF v159 direct BP annotations",
    "mapping_strategy": "gp2protein_all_graphsage_links",
    "evidence_filter": "experimental_plus_IBA_ISS_IC",
    "term_scope": "all_bp",
    "comparison_scope": "all_resolved_genes",
    "label_column": 72,
    "observed_positive_genes": 653,
    "best_go_id": "GO:0045944",
    "best_candidate_positive_genes": 394,
    "mismatch_genes": 273,
    "agreement": 0.9360356138706654,
    "true_positives": 387,
    "false_positives": 7,
    "false_negatives": 266,
    "f1": 0.7392550143266475,
    "jaccard": 0.5863636363636363,
    "tie_count": 1,
    "tied_go_ids": "GO:0045944"
  },
  "historical_mapping_coverage": 4259,
  "historical_mapping_missing": [
    176,
    337,
    3108,
    4018,
    7957,
    10159,
    29901,
    55125,
    84919
  ]
}
