{
  "resolved_gene_count": 4268,
  "all_zero_gene_count": 213,
  "historical_direct_gap_genes": [
    176,
    337,
    3108,
    4018,
    7957,
    10159,
    29901,
    55125,
    84919
  ],
  "unmatched_after_component_aware_mapping": [
    10159
  ],
  "remaining_residual_genes": [
    25788
  ],
  "ATP6AP2_properties": {
    "GeneID": 10159,
    "analysis_groups": "missing_from_historical_direct_GPI_projection|unmatched_after_component_aware_mapping|all_zero_label_gene",
    "mapped_graphsage_row_count": 24,
    "graph_instance_count": 24,
    "unique_tissue_count": 24,
    "tissues": "adipose_tissue|adrenal_cortex|adrenal_gland|amygdala|aorta|artery|astrocyte|basal_ganglion|basophil|blood|blood_plasma|blood_platelet|bone|brain|colon|eye|forebrain|gastrointestinal_tract|heart|kidney|large_intestine|liver|lung|midbrain",
    "train_instance_count": 20,
    "valid_instance_count": 2,
    "test_instance_count": 2,
    "mean_instance_degree": 25.625,
    "median_instance_degree": 27.0,
    "max_instance_degree": 32,
    "min_instance_degree": 8,
    "total_instance_degree": 615,
    "feature_nonzero_counts": "1",
    "feature_nonzero_count_consistent": 1,
    "positive_label_count": 0,
    "all_zero_label_vector": 1,
    "graph_instance_count_percentile_among_all_resolved_genes": 95.99343955014058,
    "unique_tissue_count_percentile_among_all_resolved_genes": 95.99343955014058,
    "mean_instance_degree_percentile_among_all_resolved_genes": 71.36832239925023,
    "max_instance_degree_percentile_among_all_resolved_genes": 72.86785379568884,
    "total_instance_degree_percentile_among_all_resolved_genes": 82.21649484536083,
    "positive_label_count_percentile_among_all_resolved_genes": 2.4953139643861295
  },
  "FSBP_25788_properties": {
    "GeneID": 25788,
    "analysis_groups": "gene_in_remaining_13_default_relation_false_positives",
    "mapped_graphsage_row_count": 3,
    "graph_instance_count": 3,
    "unique_tissue_count": 3,
    "tissues": "colon|gastrointestinal_tract|large_intestine",
    "train_instance_count": 3,
    "valid_instance_count": 0,
    "test_instance_count": 0,
    "mean_instance_degree": 10.0,
    "median_instance_degree": 9.0,
    "max_instance_degree": 12,
    "min_instance_degree": 9,
    "total_instance_degree": 30,
    "feature_nonzero_counts": "0",
    "feature_nonzero_count_consistent": 1,
    "positive_label_count": 19,
    "all_zero_label_vector": 0,
    "graph_instance_count_percentile_among_all_resolved_genes": 17.83036551077788,
    "unique_tissue_count_percentile_among_all_resolved_genes": 17.83036551077788,
    "mean_instance_degree_percentile_among_all_resolved_genes": 41.869728209934394,
    "max_instance_degree_percentile_among_all_resolved_genes": 41.49484536082474,
    "total_instance_degree_percentile_among_all_resolved_genes": 23.91049671977507,
    "positive_label_count_percentile_among_all_resolved_genes": 27.659325210871604
  }
}
