Traceback (most recent call last):
  File "/mnt/data/ppi_repro_corrected/scripts/analyze_B102_gp2protein.py", line 1205, in <module>
    main()
    ~~~~^^
  File "/mnt/data/ppi_repro_corrected/scripts/analyze_B102_gp2protein.py", line 435, in main
    raise RuntimeError(f"Inventory mismatch for {row['artifact_name']}")
RuntimeError: Inventory mismatch for local_upload_inventory_full_20260827T160408Z.csv
Command exited with non-zero status 1
	Command being timed: "python /mnt/data/ppi_repro_corrected/scripts/analyze_B102_gp2protein.py"
	User time (seconds): 4.82
	System time (seconds): 0.94
	Percent of CPU this job got: 116%
	Elapsed (wall clock) time (h:mm:ss or m:ss): 0:04.95
	Average shared text size (kbytes): 0
	Average unshared data size (kbytes): 0
	Average stack size (kbytes): 0
	Average total size (kbytes): 0
	Maximum resident set size (kbytes): 125980
	Average resident set size (kbytes): 0
	Major (requiring I/O) page faults: 0
	Minor (reclaiming a frame) page faults: 23933
	Voluntary context switches: 26
	Involuntary context switches: 59
	Swaps: 0
	File system inputs: 0
	File system outputs: 16
	Socket messages sent: 0
	Socket messages received: 0
	Signals delivered: 0
	Page size (bytes): 4096
	Exit status: 1
