{
  "version_summary": [
    {
      "msigdb_version": "5.0",
      "archive_path": "/mnt/data/msigdb_v5.0_files_to_download_locally.zip",
      "archive_size_bytes": 115484475,
      "archive_sha256": "d372fc23f229cbb79656d824e0519587db6110963d22d1f4c95e5154963a32d2",
      "c1_member": "msigdb_v5.0_files_to_download_locally/msigdb_v5.0_GMTs/c1.all.v5.0.entrez.gmt",
      "c3_member": "msigdb_v5.0_files_to_download_locally/msigdb_v5.0_GMTs/c3.all.v5.0.entrez.gmt",
      "c7_member": "msigdb_v5.0_files_to_download_locally/msigdb_v5.0_GMTs/c7.all.v5.0.entrez.gmt",
      "qualifying_c1_ge200": 30,
      "qualifying_c3_ge200": 487,
      "qualifying_c7_ge200": 1806,
      "selected_c1": 30,
      "selected_c3": 20,
      "selected_c7": 0,
      "exact_columns": 50,
      "total_resolved_cell_mismatches": 0,
      "maximum_column_mismatches": 0,
      "selected_membership_sequence_sha256": "41c5d821e1b706ec4c8dceb47ab25c5dbad689998483e34e9e41d08094448101",
      "first_selected_name": "chr8q24",
      "last_selected_name": "V$NFKAPPAB65_01"
    },
    {
      "msigdb_version": "5.1",
      "archive_path": "/mnt/data/msigdb_v5.1_files_to_download_locally.zip",
      "archive_size_bytes": 69702250,
      "archive_sha256": "5a8b3f10ea92f8e71eaaa0705ab9d3a5229d838864eec9699544b75884bc9e29",
      "c1_member": "msigdb_v5.1_files_to_download_locally/msigdb_v5.1_GMTs/c1.all.v5.1.entrez.gmt",
      "c3_member": "msigdb_v5.1_files_to_download_locally/msigdb_v5.1_GMTs/c3.all.v5.1.entrez.gmt",
      "c7_member": "msigdb_v5.1_files_to_download_locally/msigdb_v5.1_GMTs/c7.all.v5.1.entrez.gmt",
      "qualifying_c1_ge200": 30,
      "qualifying_c3_ge200": 487,
      "qualifying_c7_ge200": 3708,
      "selected_c1": 30,
      "selected_c3": 20,
      "selected_c7": 0,
      "exact_columns": 50,
      "total_resolved_cell_mismatches": 0,
      "maximum_column_mismatches": 0,
      "selected_membership_sequence_sha256": "41c5d821e1b706ec4c8dceb47ab25c5dbad689998483e34e9e41d08094448101",
      "first_selected_name": "chr8q24",
      "last_selected_name": "V$NFKAPPAB65_01"
    },
    {
      "msigdb_version": "5.2",
      "archive_path": "/mnt/data/msigdb_v5.2_files_to_download_locally.zip",
      "archive_size_bytes": 92768160,
      "archive_sha256": "a618c1c60b11570036034e6357e73e80ee43065ec7a57c1dbd238f205405fbdb",
      "c1_member": "msigdb_v5.2_files_to_download_locally/msigdb_v5.2_GMTs/c1.all.v5.2.entrez.gmt",
      "c3_member": "msigdb_v5.2_files_to_download_locally/msigdb_v5.2_GMTs/c3.all.v5.2.entrez.gmt",
      "c7_member": "msigdb_v5.2_files_to_download_locally/msigdb_v5.2_GMTs/c7.all.v5.2.entrez.gmt",
      "qualifying_c1_ge200": 30,
      "qualifying_c3_ge200": 487,
      "qualifying_c7_ge200": 3708,
      "selected_c1": 30,
      "selected_c3": 20,
      "selected_c7": 0,
      "exact_columns": 50,
      "total_resolved_cell_mismatches": 0,
      "maximum_column_mismatches": 0,
      "selected_membership_sequence_sha256": "41c5d821e1b706ec4c8dceb47ab25c5dbad689998483e34e9e41d08094448101",
      "first_selected_name": "chr8q24",
      "last_selected_name": "V$NFKAPPAB65_01"
    },
    {
      "msigdb_version": "6.0",
      "archive_path": "/mnt/data/msigdb_v6.0_files_to_download_locally.zip",
      "archive_size_bytes": 72144318,
      "archive_sha256": "39fa82c4cedc9183c532afb1c1431683536b5945e50fb8be4f5bcce3ac136edf",
      "c1_member": "msigdb_v6.0_files_to_download_locally/msigdb_v6.0_GMTs/c1.all.v6.0.entrez.gmt",
      "c3_member": "msigdb_v6.0_files_to_download_locally/msigdb_v6.0_GMTs/c3.all.v6.0.entrez.gmt",
      "c7_member": "msigdb_v6.0_files_to_download_locally/msigdb_v6.0_GMTs/c7.all.v6.0.entrez.gmt",
      "qualifying_c1_ge200": 30,
      "qualifying_c3_ge200": 487,
      "qualifying_c7_ge200": 3708,
      "selected_c1": 30,
      "selected_c3": 20,
      "selected_c7": 0,
      "exact_columns": 50,
      "total_resolved_cell_mismatches": 0,
      "maximum_column_mismatches": 0,
      "selected_membership_sequence_sha256": "41c5d821e1b706ec4c8dceb47ab25c5dbad689998483e34e9e41d08094448101",
      "first_selected_name": "chr8q24",
      "last_selected_name": "NFKAPPAB65_01"
    }
  ],
  "all_versions_same_membership_sequence": true
}
