{
  "rows": [
    {
      "version": "5.0",
      "input_path": "/mnt/data/ppi_repro_corrected/batches/B104E_work/ref/B104C_msigdb_v5.0_normalized_entrez_gene_sets.tsv.gz",
      "input_type": "retained normalized derivative",
      "input_sha256": "6775fb96be44080c768bd5789a0dbb0c802a1a0faa45927aa2a07d70af9f7c1f",
      "selected_C1": 30,
      "selected_C3": 20,
      "selected_C7": 0,
      "qualifying_C1": 30,
      "qualifying_C3": 487,
      "qualifying_C7": 1806,
      "exact_columns": 50,
      "total_mismatches": 0,
      "membership_sequence_sha256": "41c5d821e1b706ec4c8dceb47ab25c5dbad689998483e34e9e41d08094448101",
      "first_name": "chr8q24",
      "last_name": "V$NFKAPPAB65_01"
    },
    {
      "version": "5.1",
      "input_path": "/mnt/data/msigdb_v5.1_files_to_download_locally.zip",
      "input_type": "prior user-supplied raw archive",
      "input_sha256": "5a8b3f10ea92f8e71eaaa0705ab9d3a5229d838864eec9699544b75884bc9e29",
      "selected_C1": 30,
      "selected_C3": 20,
      "selected_C7": 0,
      "qualifying_C1": 30,
      "qualifying_C3": 487,
      "qualifying_C7": 3708,
      "exact_columns": 50,
      "total_mismatches": 0,
      "membership_sequence_sha256": "41c5d821e1b706ec4c8dceb47ab25c5dbad689998483e34e9e41d08094448101",
      "first_name": "chr8q24",
      "last_name": "V$NFKAPPAB65_01"
    },
    {
      "version": "5.2",
      "input_path": "/mnt/data/msigdb_v5.2_files_to_download_locally.zip",
      "input_type": "prior user-supplied raw archive",
      "input_sha256": "a618c1c60b11570036034e6357e73e80ee43065ec7a57c1dbd238f205405fbdb",
      "selected_C1": 30,
      "selected_C3": 20,
      "selected_C7": 0,
      "qualifying_C1": 30,
      "qualifying_C3": 487,
      "qualifying_C7": 3708,
      "exact_columns": 50,
      "total_mismatches": 0,
      "membership_sequence_sha256": "41c5d821e1b706ec4c8dceb47ab25c5dbad689998483e34e9e41d08094448101",
      "first_name": "chr8q24",
      "last_name": "V$NFKAPPAB65_01"
    },
    {
      "version": "6.0",
      "input_path": "/mnt/data/msigdb_v6.0_files_to_download_locally.zip",
      "input_type": "prior user-supplied raw archive",
      "input_sha256": "39fa82c4cedc9183c532afb1c1431683536b5945e50fb8be4f5bcce3ac136edf",
      "selected_C1": 30,
      "selected_C3": 20,
      "selected_C7": 0,
      "qualifying_C1": 30,
      "qualifying_C3": 487,
      "qualifying_C7": 3708,
      "exact_columns": 50,
      "total_mismatches": 0,
      "membership_sequence_sha256": "41c5d821e1b706ec4c8dceb47ab25c5dbad689998483e34e9e41d08094448101",
      "first_name": "chr8q24",
      "last_name": "NFKAPPAB65_01"
    }
  ],
  "all_exact": true,
  "all_sequences_identical": true
}
